// Jest Snapshot v1, https://goo.gl/fbAQLP

exports[`OfferCardMain render 1`] = `
<OfferCard
  className="near-places__card cities__place-card"
  classNameInner="near-places__image-wrapper cities__image-wrapper"
/>
`;
