// Jest Snapshot v1, https://goo.gl/fbAQLP

exports[`Rating render 1`] = `
<div
  className="className rating__stars"
>
  <span
    style={
      Object {
        "width": "60%",
      }
    }
  />
  <span
    className="visually-hidden"
  >
    Rating
  </span>
</div>
`;
