// Jest Snapshot v1, https://goo.gl/fbAQLP

exports[`MainLayout render 1`] = `
<div
  className="page className"
>
  <Header />
  <main
    className="page__main classNameWrap"
  />
  <ModalNotification />
</div>
`;
