// Jest Snapshot v1, https://goo.gl/fbAQLP

exports[`FavoritesScreen render FavoritesScreen empty render 1`] = `
Array [
  <MainLayout
    className="page--favorites-empty"
    classNameWrap="page__main--favorites page__main--favorites-empty"
  >
    <FavoritesEmpty />
  </MainLayout>,
  <Footer />,
]
`;

exports[`FavoritesScreen render FavoritesScreen with favorites item render 1`] = `
Array [
  <MainLayout
    className=""
    classNameWrap="page__main--favorites "
  >
    <div
      className="page__favorites-container container"
    >
      <section
        className="favorites"
      >
        <h1
          className="favorites__title"
        >
          Saved listing
        </h1>
        <ul
          className="favorites__list"
        >
          <li
            className="favorites__locations-items"
          >
            <div
              className="favorites__locations locations locations--current"
            >
              <div
                className="locations__item"
              >
                <a
                  className="locations__item-link"
                  href="/"
                  onClick={[Function]}
                >
                  <span>
                    Amsterdam
                  </span>
                </a>
              </div>
            </div>
            <FavoriteList
              activeItem={null}
              list={
                Array [
                  Object {
                    "city": Object {
                      "location": Array [
                        50.938361,
                        6.959974,
                      ],
                      "name": "Cologne",
                      "zoom": 13,
                    },
                    "coords": Array [
                      50.957361,
                      6.9509739999999995,
                    ],
                    "description": "Discover daily local life in city center, friendly neighborhood, clandestine casino, karaoke, old-style artisans, art gallery and artist studio downstairs.",
                    "details": Object {
                      "adults": 4,
                      "bedrooms": 3,
                      "description": "Discover daily local life in city center, friendly neighborhood, clandestine casino, karaoke, old-style artisans, art gallery and artist studio downstairs.",
                      "insideItems": Array [
                        "Laptop friendly workspace",
                        "Washer",
                      ],
                    },
                    "id": 1,
                    "isBookmark": false,
                    "isPremium": false,
                    "name": "The house among olive ",
                    "previewImage": "https://assets.htmlacademy.ru/intensives/javascript-3/hotel/14.jpg",
                    "price": 493,
                    "raiting": 3.8,
                    "src": Array [
                      "https://assets.htmlacademy.ru/intensives/javascript-3/hotel/15.jpg",
                      "https://assets.htmlacademy.ru/intensives/javascript-3/hotel/16.jpg",
                    ],
                    "type": "house",
                    "typeComponent": "main",
                    "user": Object {
                      "id": 25,
                      "isSuper": true,
                      "name": "Angelina",
                      "src": "img/avatar-angelina.jpg",
                    },
                  },
                  Object {
                    "city": Object {
                      "location": Array [
                        50.938361,
                        6.959974,
                      ],
                      "name": "Cologne",
                      "zoom": 13,
                    },
                    "coords": Array [
                      50.957361,
                      6.9509739999999995,
                    ],
                    "description": "Discover daily local life in city center, friendly neighborhood, clandestine casino, karaoke, old-style artisans, art gallery and artist studio downstairs.",
                    "details": Object {
                      "adults": 4,
                      "bedrooms": 3,
                      "description": "Discover daily local life in city center, friendly neighborhood, clandestine casino, karaoke, old-style artisans, art gallery and artist studio downstairs.",
                      "insideItems": Array [
                        "Laptop friendly workspace",
                        "Washer",
                      ],
                    },
                    "id": 2,
                    "isBookmark": false,
                    "isPremium": false,
                    "name": "The house among olive ",
                    "previewImage": "https://assets.htmlacademy.ru/intensives/javascript-3/hotel/14.jpg",
                    "price": 493,
                    "raiting": 3.8,
                    "src": Array [
                      "https://assets.htmlacademy.ru/intensives/javascript-3/hotel/15.jpg",
                      "https://assets.htmlacademy.ru/intensives/javascript-3/hotel/16.jpg",
                    ],
                    "type": "house",
                    "typeComponent": "main",
                    "user": Object {
                      "id": 25,
                      "isSuper": true,
                      "name": "Angelina",
                      "src": "img/avatar-angelina.jpg",
                    },
                  },
                ]
              }
              onChangeActiveItem={[Function]}
            />
          </li>
        </ul>
      </section>
    </div>
  </MainLayout>,
  <Footer />,
]
`;
